1 启动MySQL

docker run -d -p 3306:3306 -e MYSQL_USER="root" -e MYSQL_PASSWORD="123456" -e MYSQL_ROOT_PASSWORD="123456" --name mysql mysql:5.7 --character-set-server=utf8 --collation-server=utf8_general_ci

2 docker rm mysqlname

3 firewall-cmd --zone=public --add-port=3306/tcp --permanent 



glance image-create --name "centos" --file centos.qcow2 --disk-format qcow2 --container-format bare --visibility public --progress


运维实践指南
https://billwang139967.gitbooks.io/op_practice_book/content/

{} ： 可承载一个以逗号分隔的列表，并将其展开为多个路径；
[root@localhost test]# mkdir -pv ./tmp/{a,b}/shell
 
别名 alias
a、alias ： 显示当前 shell 进程所有可用的命令别名；

b、定义别名，格式为： alias NAME='VALUE'

c、通过修改配置文件定义命令别名：

当前用户：~/.bashrc
全局用户：/etc/bashrc
Bash 进程重新读取配置文件：
  source /path/to/config_file

  . /path/to/config_file
撤销别名： unalias
  unalias [-a] name [name...]
  
 通配符 glob
 1) * 任意长度的任意字符；通配符： *,?,[]
 2) ? 任意单个字符；
 3) [] 匹配指定范围内的任意单个字符
ls -ld /etc/[ab]* 
 4) 匹配指定范围以外的任意单个字符；  
 专用字符结合：（表示一类字符中的单个）
[:digit:] 任意单个数字，相当于 [0-9];
[:lower:] 任意单个小写字母；
[:upper:] 任意单个大写字母；
[:alpha:] 任意单个大小写字母；
[:alnum:] 任意单个数字或字母；
[:space:] 任意空白字符；
[:punct:] 任意单个特殊字符；
Note：
在使用 [] 应用专用字符集合时，外层也需要嵌套 []。
Example：
# ls -d /etc/*[[:digit:]]*[[:lower:]]

bash 快捷键
重新执行命令
Ctrl + r：逆向搜索命令历史
Ctrl + g：从历史搜索模式退出
Ctrl + p：历史中的上一条命令
Ctrl + n：历史中的下一条命令
Alt + .：使用上一条命令的最后一个参数
控制命令
Ctrl + l：清屏
Ctrl + o：执行当前命令，并选择上一条命令
Ctrl + s：阻止屏幕输出
Ctrl + q：允许屏幕输出
Ctrl + c：终止命令
Ctrl + z：挂起命令
Bang (!) 命令
!!：执行上一条命令
!blah：执行最近的以 blah 开头的命令，如 !ls
!blah:p：仅打印输出，而不执行
!$：上一条命令的最后一个参数，与 Alt + . 相同
!$:p：打印输出 !$ 的内容
!*：上一条命令的所有参数
!:p：打印输出 ! 的内容
^blah：删除上一条命令中的 blah
^blah^foo：将上一条命令中的 blah 替换为 foo
^blah^foo^：将上一条命令中所有的 blah 都替换为 foo


输出
# echo "It's dangerous" > ./result.txt #输出到文件；
# set CC #禁止将内容覆盖输出到已有文件；
# set +C #取消禁止覆盖输出到已有文件
cat /etc/passwd > ./file.out 2> ./error.out

输入
[root@localhost ~]# cat > hello.txt <<EOF
> I am a good boy
> lalla
> EOF
管道输出，前面输入的作为一个参数，输出到下一个文件中
COMMAND1 | COMMAND2 | COMMAND3 | …..

作用：前一个命令的执行结果将作为后一个命令执行的参数；

Note:
      最后一个命令会在当前 shell 进程的子 shell 进程中执行；
# cat /etc/passwd | sort -t: -k3 -n | cut -d: -f1

查询
# find / -name file1	从 '/' 开始进入根文件系统搜索文件和目录
# find / -user user1	搜索属于用户 'user1' 的文件和目录
# find /home/user1 -name \*.bin	在目录 '/ home/user1' 中搜索带有'.bin' 结尾的文件
# find /usr/bin -type f -atime +100	搜索在过去 100 天内未被使用过的执行文件
# find /usr/bin -type f -mtime -10	搜索在 10 天内被创建或者修改过的文件
# find / -name *.rpm -exec chmod 755 '{}' \;	搜索以 '.rpm' 结尾的文件并定义其权限
# find / -xdev -name \*.rpm	搜索以 '.rpm' 结尾的文件，忽略光驱、捷盘等可移动设备
# locate \*.ps	寻找以 '.ps' 结尾的文件 - 先运行 'updatedb' 命令
# whereis halt	显示一个二进制文件、源码或 man 的位置
# which halt	显示一个二进制文件或可执行文件的完整路径

用户管理
[root@localhost ~]# w
[root@localhost ~]# who am I
[root@Linux ~]# pkill -kill -t pts/2 剔除这个用户

使用脚本创建有 sudo 权限的用户
cat >./create_user.sh <<-'EOF'
#!/bin/bash
arg="ceshi"
if id ${arg}
then
    echo "the username is exsit!"
else
    useradd $arg
    echo "ceshi_password" | passwd --stdin $arg
    echo "${arg} ALL=(ALL) NOPASSWD:ALL" > /etc/sudoers.d/${arg}
fi
EOF

Sed 命令
Linux sed命令是利用script来处理文本文件。
sed可依照script的指令，来处理、编辑文本文件。
Sed主要用来自动编辑一个或多个文件；简化对文件的反复操作；编写转换程序等

awk 脚本
当需要输出单引号时，直接转义发现会报错。 由于 awk 脚本并不是直接执行，而是会先进行预处理，所以需要两次转义。 awk 支持递归引号。单引号内可以输出转义的单引号，双引号内可以输出转义的双引号。

需要注意的是这种思想
比如需要输出单引号，则需要下面这样：

> awk 'BEGIN{print "\""}'
"
>  awk 'BEGIN{print "'\''"}'
'
当然，更简单的方式是使用十六进制来输出。
awk 'BEGIN{print "\x27"}'

$0	当前记录（这个变量中存放着整个行的内容）
$1~$n	当前记录的第 n 个字段，字段间由 FS 分隔
FS	输入字段分隔符 默认是空格或 Tab
NF	当前记录中的字段个数，就是有多少列
NR	已经读出的记录数，就是行号，从 1 开始，如果有多个文件话，这个值也是不断累加中。
FNR	当前记录数，与 NR 不同的是，这个值会是各个文件自己的行号
RS	输入的记录分隔符， 默认为换行符
OFS	输出字段分隔符， 默认也是空格
ORS	输出的记录分隔符，默认为换行符
FILENAME	当前输入文件的名字

转义符
\\   A literal backslash.
\a   The “alert” character; usually the ASCII BEL character.
\b   backspace.
\f   form-feed.
\n   newline.
\r   carriage return.
\t   horizontal tab.
\v   vertical tab.
\xhex digits
\c   The literal character c.
常用的输出变量都是加上限定 比如 -F 换行输出，awk是弱类 变量，

awk -F: '{if($1~/mail/) print $1}'    /etc/passwd                           // 简写
awk -F: '{if($1~/mail/) {print $1}}'  /etc/passwd                           // 全写
awk -F: '{if($1~/mail/) {print $1} else {print $2}}' /etc/passwd            //if...else...

top命令
top的命令行使用方式
（1） 批量处理模式
$ top -b 
加上-b后，top显示的时候，将每一次显示的结果都打印出来，不会将上一次的结果给冲掉。
（2） 显示某个进程的信息
$ top -p pid
如果是多个进程，只要如下：
$ top -p pid1,pid2,pid3
(3) 显示某个用户的进程信息
$ top -u username
(4) 显示线程的信息，而不是进程的信息
$ top -H 
(5) 设置刷屏的时间(单位为s)
$ top -d ntime


java CPU
常用的排查CPU消耗 的方法
top命令找出有问题Java进程及线程id：
开启线程显示模式
按CPU使用率排序
记下Java进程id及其CPU高的线程id
用进程id作为参数，jstack有问题的Java进程
手动转换线程id成十六进制（可以用printf %x 1234）
查找十六进制的线程id（可以用grep）
查看对应的线程栈

GET 和 POST 是 HTTP 请求的两种基本方法，最直观的区别就是 GET 把参数包含在 URL 中，POST 通过 request body 传递参数
tcp 就像是汽车 http是交通规则

curl www.baidu.com  返回的额是html
curl httpbin.org/post --request POST --data "name=keenwon&website=http://keenwon.com"  返回的是json数据
curl httpbin.org/post --form "name=tomshine" --form "f=@/Users/tomshine/test.txt"  提交本地文件作为表单
使用 --verbose 显示通信过程，例如：
curl httpbin.org/post --verbose --request POST --data "name=tomshine"
设置 Referer 字段很简单，使用 --referer ，例如：
curl httpbin.org/headers --referer http://tomshine.xyz
使用 --header 设置头信息，httpbin.org/headers 会显示请求的头信息，我们测试下：
curl httpbin.org/headers --header "a:1"
使用 --cookie 来设置请求的 cookie，例如：
curl httpbin.org/headers --cookie "name=tomshine;website=http://tomshine.xyz"
使用 --location 参数会跟随链接的跳转，例如：
curl httpbin.org/redirect/1 --location
当页面需要认证时，可以使用 --user ，例如：
curl httpbin.org/basic-auth/tomshine/123456 --user tomshine:123456

tcpdump
tcp 的三次握手











 





